           1      ixy           1
           2    igeom           1
           3    iflat           0
           4     ibmc           0
           5     icmd           0
           6     ides           0
           7   iquick           0
           8   igrayq           0
           9     igeo           1
          10   iflat1           0
          11   iflat2           0
          12     ical           0
          13     nfx1           1
          14     nfx2           1
          15     nfy1           1
          16     nfy2           1
          17     nfb1           0
          18     nfb2           0
          19     nob1           1
          20     nob2           5
          21    ntmax           5
          22  priscan           4
          23  nobstep           5
          24    nbcln        1536
          25    nblgn        1024
          26   milsec         500
          27       li           0
          28       lj           0
          29       nm           9
          30   interc          23
          31  milangi          40
          32  milangj        1500
          33       n1           1
          34       is        1536
          35       js        1024
          36    idark           1
          37    iswap           1
          38    ifile           1
          39      npx           1
          40     npx1           1
          41     npx2           1
          42      npy           1
          43     npy1           1
          44     npy2           1
          45     npy3           1
          46     npy4           2
          47  kdangle         250
          48  mingrad           8
          49   interp           1
          50       i1           5
          51      i2m           4
          52       j1           1
          53      j2m           0
          54      lip          40
          55     jeps          20
          56    intvi          60
          57    intvj          30
          58     leps          50
          59     n3n4           0
          60   ipermu           1
          61   normsq           0
          62     norm           0
          63  largrid           0
          64       i1          15
          65      i2m          14
          66       j1           1
          67      j2m           0
          68      lip          40
          69     jeps          12
          70    intvi          25
          71    intvj          12
          72     leps          15
          73     n3n4         253
          74       i1          29
          75      i2m          28
          76       j1           1
          77      j2m           0
          78      lip          30
          79     jeps           8
          80    intvi          15
          81    intvj           8
          82     leps           8
          83     n3n4         142
          84      end           0
          85 end                0
 par1     nfx1       0       1
 par1     nfx2       0       1
 par1     nfy1       0       1
 par1     nfy2       0       1
 par1     nfb1       0       0
 par1     nfb2       0       0
 par1       is       0    1536
 par1       js       0    1024
  
  Loop nxy            1
 nf file(nxy,nf)    1  m010_b0101_ms_20170330_09564585_x1.fit
  xname x170330_09564585_00000
  nxy,  useful nfiles(nxy)=            1           1
  
  Average nxy            1
  from file            1  to            1
  nxy,nf,file(nxy,nf)            1           1 m010_b0101_ms_20170330_09564585_x1.fit
  subroutine counthead
head: SIMPLE  =                    T                                                  BITPIX  =                   16                                                  NAXIS   =                    2                                                  NAXIS1  =                 1536                                                  NAXIS2  =                 1024                                                                                                                                  END                 
  readfits ipermu=           1
  readfits iu,inbhead,is,js,ipermu,ktab          21           1        1536        1024           1           1
  lswap in auxl1(1) auxl1(2) out   15360 T F     60
  nxy=           1   file(           1 ) 
  nxy, denom(nxy)            1   1.00000000    
  write iut,head(2),head(3),isp,jsp          31        1024        1536        1024        1536
  tabpermu test   nxy=           1
     102     60   60   60   60   60   60   62   59   60   58   60
     921     59   61   59   61   61   62   59   60   60   60   61
 x170330_09564585_00000    denom= 1.000  extreme points     60   61   61   60
   1     60   61   60   62   62   60   62   62   61   60   61
 101     60   61   62   59   62   62   60   60   62   61   61
 201     60   60   60   62   60   60   60   61   62   59   62
 301     60   60   60   59   61   59   60   60   60   60   60
 401     60   61   60   61   59   60   60   61   59   61   59
 501     60   60   60   60   62   61   60   61   61   62   60
 601     61   60   62   60   62   60   59   61   62   60   61
 701     60   60   60   62   60   61   60   61   61   60   61
 801     60   60   59   59   58   60   61   60   62   60   60
 901     63   62   59   61   60   61   59   61   60   61   61
1001     61   60   60   60   60   59   60   61   61   61   61
1101     60   62   61   61   60   61   60   61   61   60   60
1201     60   61   62   60   61   60   60   60   60   61   61
1301     62   61   60   61   61   60   60   60   62   60   60
1401     60   61   61   60   61   61   60   61   61   61   61
1501     60   62   61   62   61   61   60   59   61   61   61
  
  Loop nxy            2
 nf file(nxy,nf)    1  m011_b0101_ms_20170330_10013140_y1.fit
  yname y170330_10013140_00000
  nxy,  useful nfiles(nxy)=            2           1
  
  Average nxy            2
  from file            1  to            1
  nxy,nf,file(nxy,nf)            2           1 m011_b0101_ms_20170330_10013140_y1.fit
  subroutine counthead
head: SIMPLE  =                    T                                                  BITPIX  =                   16                                                  NAXIS   =                    2                                                  NAXIS1  =                 1536                                                  NAXIS2  =                 1024                                                                                                                                  END                 
  readfits ipermu=           1
  readfits iu,inbhead,is,js,ipermu,ktab          22           1        1536        1024           1           1
  lswap in auxl1(1) auxl1(2) out   24066 T T    606
  nxy=           2   file(           1 ) 
  nxy, denom(nxy)            2   1.00000000    
  write iut,head(2),head(3),isp,jsp          32        1024        1536        1024        1536
  tabpermu test   nxy=           2
     102    104  109  113  124  131  156  174  249 1532 1800 1858
     921    189  271 1516 1622 1697 1767 1855 1887 1905 1894 1946
 y170330_10013140_00000    denom= 1.000  extreme points     66   71   91   69
   1     66   71   75   79   80   85   88   90   88   86   75
 101     82  159  185  228  344 1555 1732 1695 1801 1853  103
 201     82 1840 1949 2060 2107 1948 2217 2162 2163 2059  101
 301     83 1934 1991 2019 1971 1965 1975 1981 1989 2069  106
 401     72  174  190  194  199  487  719  694  768  862  103
 501     77 2063 2020 2119 2005 2033 2084 2045 1964 2035  107
 601     71  650  649  714  698  804  810  828  956 1056  104
 701     70  200  200  204  224  726  706  634  704  673  104
 801     71  698  733  798  821  742  898  964 1035  977  108
 901     71 1008  952  823  822  854  748  740  643  597  105
1001     70  199  240  258  314 1377 1744 1781 1920 1826  117
1101     70  846  810  870  740  695  666  674  664  589  119
1201     73 2028 2071 2072 1970 2006 1997 1939 1963 1894  124
1301     70  204  239  258  283  372 1786 1953 1972 1946  132
1401     70 1640 1824 1827 1814 1770 1771 1759 1686 1603  122
1501     71   83   94   96  101  108  114  119  122  127  107
  enter geom
 debut geom: nw,gname           1 g170330_10013140_00000
 par1     igeo       1       1
 par1   interc       1      23
 par1  milangi       1      40
 par1  milangj       1    1500
 par1       i1       1       5
 par1      i2m       1       4
 par1       j1       1       1
 par1      j2m       1       0
 par1      lip       1      40
 par1     jeps       1      20
 par1    intvi       1      60
 par1    intvj       1      30
 par1     leps       1      50
 par1       n1       1       1
 par1   normsq       1       0
 par1     norm       1       0
 par1  largrid       1       0
  geom kz(2),kz(3)  (im,jm)        1024        1536
  geom: i1,i2m,im,  j1,j2m,jm            5           4        1024           1           0        1536



 par1  kdangle       1     250
 geom: nseuils, si,sgi,sj,sgj  1     2   2   2   2
 idangle         253
           3        1024        1536           0           0           0           0           0
 ima     66     91
  ima test   im,jm  i1t,i2t           1024        1536           102         921
     102    104  109  113  124  131  156  174  249 1532 1800 1858
     921    189  271 1516 1622 1697 1767 1855 1887 1905 1894 1946
 geom: nseuils, si,sgi,sj,sgj  2     2   2   4   4
 idangle         253
           3        1024        1536           0           0           0           0           0
 ima     66     91
  ima test   im,jm  i1t,i2t           1024        1536           102         921
     102    104  109  113  124  131  156  174  249 1532 1800 1858
     921    189  271 1516 1622 1697 1767 1855 1887 1905 1894 1946
 geom: nseuils, si,sgi,sj,sgj  3     4   4   2   2
 idangle         253
           3        1024        1536           0           0           0           0           0
 ima     66     91
  ima test   im,jm  i1t,i2t           1024        1536           102         921
     102    104  109  113  124  131  156  174  249 1532 1800 1858
     921    189  271 1516 1622 1697 1767 1855 1887 1905 1894 1946
 geom: nseuils, si,sgi,sj,sgj  4     4   4   4   4
 idangle         253
           3        1024        1536           0           0           0           0           0
 ima     66     91
  ima test   im,jm  i1t,i2t           1024        1536           102         921
     102    104  109  113  124  131  156  174  249 1532 1800 1858
     921    189  271 1516 1622 1697 1767 1855 1887 1905 1894 1946
 geom: nseuils, si,sgi,sj,sgj  5     4   4   6   6
 idangle         253
           3        1024        1536           0           0           0           0           0
 ima     66     91
  ima test   im,jm  i1t,i2t           1024        1536           102         921
     102    104  109  113  124  131  156  174  249 1532 1800 1858
     921    189  271 1516 1622 1697 1767 1855 1887 1905 1894 1946
 geom: nseuils, si,sgi,sj,sgj  6     6   6   4   4
 idangle         253
           3        1024        1536           0           0           0           0           0
 ima     66     91
  ima test   im,jm  i1t,i2t           1024        1536           102         921
     102    104  109  113  124  131  156  174  249 1532 1800 1858
     921    189  271 1516 1622 1697 1767 1855 1887 1905 1894 1946
 geom: nseuils, si,sgi,sj,sgj  7     6   6   6   6
 idangle         253
           3        1024        1536           0           0           0           0           0
 ima     66     91
  ima test   im,jm  i1t,i2t           1024        1536           102         921
     102    104  109  113  124  131  156  174  249 1532 1800 1858
     921    189  271 1516 1622 1697 1767 1855 1887 1905 1894 1946
 geom: nseuils, si,sgi,sj,sgj  8     6   6   9   9
 idangle         253
           3        1024        1536           0           0           0           0           0
 ima     66     91
  ima test   im,jm  i1t,i2t           1024        1536           102         921
     102    104  109  113  124  131  156  174  249 1532 1800 1858
     921    189  271 1516 1622 1697 1767 1855 1887 1905 1894 1946
 geom: nseuils, si,sgi,sj,sgj  9     9   9   6   6
 idangle         253
           3        1024        1536           0           0           0           0           0
 ima     66     91
  ima test   im,jm  i1t,i2t           1024        1536           102         921
     102    104  109  113  124  131  156  174  249 1532 1800 1858
     921    189  271 1516 1622 1697 1767 1855 1887 1905 1894 1946
 geom: nseuils, si,sgi,sj,sgj 10     9   9   9   9
 idangle         253
           3        1024        1536           0           0           0           0           0
 ima     66     91
  ima test   im,jm  i1t,i2t           1024        1536           102         921
     102    104  109  113  124  131  156  174  249 1532 1800 1858
     921    189  271 1516 1622 1697 1767 1855 1887 1905 1894 1946
 geom: nseuils, si,sgi,sj,sgj 11     9   9  12  12
 idangle         253
           3        1024        1536           0           0           0           0           0
 ima     66     91
  ima test   im,jm  i1t,i2t           1024        1536           102         921
     102    104  109  113  124  131  156  174  249 1532 1800 1858
     921    189  271 1516 1622 1697 1767 1855 1887 1905 1894 1946
 geom: nseuils, si,sgi,sj,sgj 12    12  12   9   9
 idangle         253
           3        1024        1536           0           0           0           0           0
 ima     66     91
  ima test   im,jm  i1t,i2t           1024        1536           102         921
     102    104  109  113  124  131  156  174  249 1532 1800 1858
     921    189  271 1516 1622 1697 1767 1855 1887 1905 1894 1946
 geom: nseuils, si,sgi,sj,sgj 13    12  12  12  12
 idangle         253
           3        1024        1536           0           0           0           0           0
 ima     66     91
  ima test   im,jm  i1t,i2t           1024        1536           102         921
     102    104  109  113  124  131  156  174  249 1532 1800 1858
     921    189  271 1516 1622 1697 1767 1855 1887 1905 1894 1946
 geom: nseuils, si,sgi,sj,sgj 14    12  12  15  15
 idangle         253
           3        1024        1536           0           0           0           0           0
 ima     66     91
  ima test   im,jm  i1t,i2t           1024        1536           102         921
     102    104  109  113  124  131  156  174  249 1532 1800 1858
     921    189  271 1516 1622 1697 1767 1855 1887 1905 1894 1946
 geom: nseuils, si,sgi,sj,sgj 15    15  15  12  12
 idangle         253
           3        1024        1536           0           0           0           0           0
 ima     66     91
  ima test   im,jm  i1t,i2t           1024        1536           102         921
     102    104  109  113  124  131  156  174  249 1532 1800 1858
     921    189  271 1516 1622 1697 1767 1855 1887 1905 1894 1946
 geom: nseuils, si,sgi,sj,sgj 16    15  15  15  15
 idangle         253
           3        1024        1536           0           0           0           0           0
 ima     66     91
  ima test   im,jm  i1t,i2t           1024        1536           102         921
     102    104  109  113  124  131  156  174  249 1532 1800 1858
     921    189  271 1516 1622 1697 1767 1855 1887 1905 1894 1946
 geom: nseuils, si,sgi,sj,sgj 17    15  15  20  20
 idangle         253
           3        1024        1536           0           0           0           0           0
 ima     66     91
  ima test   im,jm  i1t,i2t           1024        1536           102         921
     102    104  109  113  124  131  156  174  249 1532 1800 1858
     921    189  271 1516 1622 1697 1767 1855 1887 1905 1894 1946
 geom: nseuils, si,sgi,sj,sgj 18    20  20  15  15
 idangle         253
           3        1024        1536           0           0           0           0           0
 ima     66     91
  ima test   im,jm  i1t,i2t           1024        1536           102         921
     102    104  109  113  124  131  156  174  249 1532 1800 1858
     921    189  271 1516 1622 1697 1767 1855 1887 1905 1894 1946
 geom: nseuils, si,sgi,sj,sgj 19    20  20  20  20
 idangle         253
           3        1024        1536           0           0           0           0           0
 ima     66     91
  ima test   im,jm  i1t,i2t           1024        1536           102         921
     102    104  109  113  124  131  156  174  249 1532 1800 1858
     921    189  271 1516 1622 1697 1767 1855 1887 1905 1894 1946
 geom: nseuils, si,sgi,sj,sgj 20    20  20  20  20
 idangle         253
           3        1024        1536           0           0           0           0           0
 ima     66     91
  ima test   im,jm  i1t,i2t           1024        1536           102         921
     102    104  109  113  124  131  156  174  249 1532 1800 1858
     921    189  271 1516 1622 1697 1767 1855 1887 1905 1894 1946
  newgeom: ja 1,2,3          151         501         851
 par1  mingrad       1       8
 par1   interp       1       1
   Newgeom   meanflat:
    83   100   108   117   124   141   200  1703  1848  1884
  1883  1795  1669  1878  2060   306   263  1382  1629  1807
  1965  2037  2031  1941  1713   239   191   654   874  1245
  1420  1629  1833  1981  2004   320   208   567   613   691
   791  1039  1341  1550  1642   247   195   719   657   605
   575   586   661   833   948   246   231  1467  1240  1031
   801   688   658   618   566   288   251  1745  1768  1726
  1539  1227   984   786   671   230   246  1810  2008  2067
  2009  1934  1831  1635  1281   940   278  1922  2037  2036
  2001  1970  1910  1840  1690  1113   173   134   125   115
   108   103    99
  edges for 3 j-values
   zmax,zgmax    2072.00000       668.000000    
  
  ja(           1 )=          151
      
  newgeom: left and right edges of each n-channel
 edges: sig, l, n, iedge(n,is),zg(iedge-1/0/+1)  eps     XX      YY
         1.  1  1   112        70.   81.   28. -0.33  110.67  150.00
         1.  1  2   259        29.   64.   36.  0.06  258.06  150.00
         1.  1  3   414        23.   28.   11. -0.28  412.72  150.00
         1.  1  4   560        13.   27.   10. -0.05  558.95  150.00
         1.  1  5   713        31.   33.    8. -0.42  711.58  150.00
         1.  1  6   866        59.   63.   20. -0.42  864.58  150.00
         1.  1  7  1014        71.   79.   25. -0.36 1012.64  150.00
         1.  1  8  1168        60.  101.   48. -0.07 1166.93  150.00
         1.  1  9  1317        84.   86.   28. -0.47 1315.53  150.00
 edges: sig, l, n, iedge(n,is),zg(iedge-1/0/+1)  eps     XX      YY
        -1.  4  1   234       -97.  -99.  -28. -0.47  232.53  150.00
        -1.  4  2   381       -28.  -82.  -67.  0.28  380.28  150.00
        -1.  4  3   536       -47. -111.  -64.  0.08  535.08  150.00
        -1.  4  4   682       -20.  -80.  -79.  0.48  681.48  150.00
        -1.  4  5   835       -17.  -56.  -41.  0.22  834.22  150.00
        -1.  4  6   989       -20.  -20.   -6. -0.45  987.55  150.00
        -1.  4  7  1137       -16.  -20.   -7. -0.29 1135.71  150.00
        -1.  4  8  1291       -23.  -44.  -26.  0.03 1290.03  150.00
        -1.  4  9  1440       -41.  -73.  -36. -0.04 1438.96  150.00
  
  ja(           2 )=          501
      
  newgeom: left and right edges of each n-channel
  z(91 to 110) 
    9.   10.   10.   11.   12.   13.   16.   22.   43.   67.
   75.   78.   79.   81.   82.   83.   82.   83.   83.   84.
  zg(91 to 110) 
    1.    2.    2.    3.    3.    7.   19.   68.   74.   24.
    9.    4.    4.    3.    3.   -2.    4.    0.    1.    3.
 edges: sig, l, n, iedge(n,is),zg(iedge-1/0/+1)  eps     XX      YY
         1.  2  1    99        68.   74.   24. -0.38   97.62  500.00
         1.  2  2   246        38.   58.   23. -0.14  244.86  500.00
         1.  2  3   400        10.   28.   18.  0.14  399.14  500.00
         1.  2  4   547        19.   19.    5. -0.45  545.55  500.00
         1.  2  5   699        14.   33.   22.  0.14  698.14  500.00
         1.  2  6   852        44.   72.   39. -0.04  850.96  500.00
         1.  2  7  1000        57.   82.   39. -0.14  998.86  500.00
         1.  2  8  1154        43.   92.   62.  0.12 1153.12  500.00
         1.  2  9  1303        67.   85.   38. -0.22 1301.78  500.00
 edges: sig, l, n, iedge(n,is),zg(iedge-1/0/+1)  eps     XX      YY
        -1.  5  1   221       -75.  -91.  -26. -0.30  219.70  500.00
        -1.  5  2   368       -34.  -86.  -51.  0.09  367.09  500.00
        -1.  5  3   523       -52.  -97.  -49. -0.02  521.98  500.00
        -1.  5  4   669       -26.  -79.  -63.  0.27  668.27  500.00
        -1.  5  5   822       -30.  -51.  -26. -0.05  820.95  500.00
        -1.  5  6   975       -12.  -24.  -14.  0.04  974.04  500.00
        -1.  5  7  1123       -10.  -22.  -14.  0.12 1122.12  500.00
        -1.  5  8  1278       -33.  -35.  -15. -0.40 1276.60  500.00
        -1.  5  9  1426       -31.  -65.  -56.  0.30 1425.30  500.00
  
  ja(           3 )=          851
      
  newgeom: left and right edges of each n-channel
 edges: sig, l, n, iedge(n,is),zg(iedge-1/0/+1)  eps     XX      YY
         1.  3  1    86        74.   75.   24. -0.48   84.52  850.00
         1.  3  2   233        39.   61.   27. -0.10  231.90  850.00
         1.  3  3   387        13.   30.   20.  0.12  386.12  850.00
         1.  3  4   533        10.   23.   14.  0.09  532.09  850.00
         1.  3  5   686        31.   32.   11. -0.44  684.56  850.00
         1.  3  6   838        21.   61.   60.  0.48  837.48  850.00
         1.  3  7   986        26.   78.   75.  0.45  985.45  850.00
         1.  3  8  1141        70.   84.   44. -0.24 1139.76  850.00
         1.  3  9  1289        38.   76.   66.  0.29 1288.29  850.00
 edges: sig, l, n, iedge(n,is),zg(iedge-1/0/+1)  eps     XX      YY
        -1.  6  1   207       -39. -110.  -81.  0.21  206.21  850.00
        -1.  6  2   355       -65.  -80.  -29. -0.27  353.73  850.00
        -1.  6  3   509       -45.  -97.  -61.  0.09  508.09  850.00
        -1.  6  4   655       -26.  -70.  -62.  0.35  654.35  850.00
        -1.  6  5   808       -25.  -49.  -30.  0.05  807.05  850.00
        -1.  6  6   961        -9.  -22.  -15.  0.13  960.13  850.00
        -1.  6  7  1045        -5.   -9.   -4. -0.02 1043.98  850.00
        -1.  6  8  1109        -9.  -21.  -16.  0.24 1108.24  850.00
        -1.  6  9  1247        -4.   -9.   -5.  0.10 1246.10  850.00
        -1.  6 10  1264       -26.  -36.  -16. -0.16 1262.84  850.00
        -1.  6 11  1412       -24.  -57.  -57.  0.48 1411.48  850.00
 distortion: 27.782  quadratic mean value in pixel-to-pixel distance 
distortion: sig    n    distortion
             1.    1    0.02
             1.    2   -0.11
             1.    3   -0.28
             1.    4    0.02
             1.    5    0.07
             1.    6   -0.07
             1.    7   -0.18
             1.    8   -0.22
             1.    9   -0.13
distortion: sig    n    distortion
            -1.    1    0.33
            -1.    2    0.09
            -1.    3    0.40
            -1.    4    0.36
            -1.    5    0.32
            -1.    6    0.20
            -1.    7   32.27
            -1.    8   77.47
            -1.    9   82.77
  interp            1
  intersec: x1..x4 / y1..y4 / a,b,c,d, xres,yres
   97.62  110.67  135.00  207.00
  500.00  150.00   60.08   58.61
   -0.04  116.27   -0.02   62.83  113.92   60.51
 A: interp,n, x1,x2,x2,x4,  y1,y2,y3,y4, xres,yres
  1  1     97.6  110.7  135.0  207.0    500.0  150.0   60.1   58.6    113.9   60.5
  intersec: x1..x4 / y1..y4 / a,b,c,d, xres,yres
   97.62   84.52  109.00  181.00
  500.00  850.00  923.00  947.12
   -0.04  116.33    0.34  886.47   83.16  914.34
 C: interp,n, x1,x2,x2,x4,  y1,y2,y3,y4, xres,yres
  1  1     97.6   84.5  109.0  181.0    500.0  850.0  923.0  947.1     83.2  914.3
  intersec: x1..x4 / y1..y4 / a,b,c,d, xres,yres
  219.70  232.53  207.00  135.00
  500.00  150.00   58.61   60.08
   -0.04  238.02   -0.02   62.83  235.72   58.03
  intersec: x1..x4 / y1..y4 / a,b,c,d, xres,yres
  219.70  206.21  181.00  109.00
  500.00  850.00  947.12  923.00
   -0.04  238.97    0.34  886.47  204.80  955.10
 F: interp,n, x1,x2,x2,x4,  y1,y2,y3,y4, xres,yres
  1  1    219.7  206.2  181.0  109.0    500.0  850.0  947.1  923.0    204.8  955.1
  intersec: x1..x4 / y1..y4 / a,b,c,d, xres,yres
  244.86  258.06  283.00  355.00
  500.00  150.00   60.84   59.09
   -0.04  263.71   -0.02   67.74  261.16   61.38
 A: interp,n, x1,x2,x2,x4,  y1,y2,y3,y4, xres,yres
  1  2    244.9  258.1  283.0  355.0    500.0  150.0   60.8   59.1    261.2   61.4
  intersec: x1..x4 / y1..y4 / a,b,c,d, xres,yres
  244.86  231.90  256.00  328.00
  500.00  850.00  947.83  947.78
   -0.04  263.38   -0.00  947.99  228.27  947.84
 C: interp,n, x1,x2,x2,x4,  y1,y2,y3,y4, xres,yres
  1  2    244.9  231.9  256.0  328.0    500.0  850.0  947.8  947.8    228.3  947.8
  intersec: x1..x4 / y1..y4 / a,b,c,d, xres,yres
  367.09  380.28  355.00  283.00
  500.00  150.00   59.09   60.84
   -0.04  385.94   -0.02   67.74  383.38   58.40
  intersec: x1..x4 / y1..y4 / a,b,c,d, xres,yres
  367.09  353.73  328.00  256.00
  500.00  850.00  947.78  947.83
   -0.04  386.18   -0.00  947.99  349.99  947.76
 F: interp,n, x1,x2,x2,x4,  y1,y2,y3,y4, xres,yres
  1  2    367.1  353.7  328.0  256.0    500.0  850.0  947.8  947.8    350.0  947.8
  intersec: x1..x4 / y1..y4 / a,b,c,d, xres,yres
  399.14  412.72  437.00  510.00
  500.00  150.00   60.67   58.98
   -0.04  418.54   -0.02   70.79  415.79   61.16
 A: interp,n, x1,x2,x2,x4,  y1,y2,y3,y4, xres,yres
  1  3    399.1  412.7  437.0  510.0    500.0  150.0   60.7   59.0    415.8   61.2
  intersec: x1..x4 / y1..y4 / a,b,c,d, xres,yres
  399.14  386.12  411.00  483.00
  500.00  850.00  947.67  859.23
   -0.04  417.73   -1.23 1452.54  363.71 1005.76
 C: interp,n, x1,x2,x2,x4,  y1,y2,y3,y4, xres,yres
  1  3    399.1  386.1  411.0  483.0    500.0  850.0  947.7  859.2    363.7 1005.8
  intersec: x1..x4 / y1..y4 / a,b,c,d, xres,yres
  521.98  535.08  510.00  437.00
  500.00  150.00   58.98   60.67
   -0.04  540.69   -0.02   70.79  538.04   58.33
  intersec: x1..x4 / y1..y4 / a,b,c,d, xres,yres
  521.98  508.09  483.00  411.00
  500.00  850.00  859.23  947.67
   -0.04  541.83   -1.23 1452.54  484.18  857.78
 F: interp,n, x1,x2,x2,x4,  y1,y2,y3,y4, xres,yres
  1  3    522.0  508.1  483.0  411.0    500.0  850.0  859.2  947.7    484.2  857.8
  intersec: x1..x4 / y1..y4 / a,b,c,d, xres,yres
  545.55  558.95  583.00  656.00
  500.00  150.00   61.17   59.79
   -0.04  564.70   -0.02   72.18  561.93   61.57
 A: interp,n, x1,x2,x2,x4,  y1,y2,y3,y4, xres,yres
  1  4    545.5  559.0  583.0  656.0    500.0  150.0   61.2   59.8    561.9   61.6
  intersec: x1..x4 / y1..y4 / a,b,c,d, xres,yres
  545.55  532.09  557.00  629.00
  500.00  850.00  948.42  948.36
   -0.04  564.77   -0.00  948.88  528.29  948.44
 C: interp,n, x1,x2,x2,x4,  y1,y2,y3,y4, xres,yres
  1  4    545.5  532.1  557.0  629.0    500.0  850.0  948.4  948.4    528.3  948.4
  intersec: x1..x4 / y1..y4 / a,b,c,d, xres,yres
  668.27  681.48  656.00  583.00
  500.00  150.00   59.79   61.17
   -0.04  687.15   -0.02   72.18  684.42   59.26
  intersec: x1..x4 / y1..y4 / a,b,c,d, xres,yres
  668.27  654.35  629.00  557.00
  500.00  850.00  948.36  948.42
   -0.04  688.17   -0.00  948.88  650.41  948.34
 F: interp,n, x1,x2,x2,x4,  y1,y2,y3,y4, xres,yres
  1  4    668.3  654.3  629.0  557.0    500.0  850.0  948.4  948.4    650.4  948.3
  intersec: x1..x4 / y1..y4 / a,b,c,d, xres,yres
  698.14  711.58  736.00  809.00
  500.00  150.00   61.99   60.32
   -0.04  717.34   -0.02   78.84  714.32   62.49
 A: interp,n, x1,x2,x2,x4,  y1,y2,y3,y4, xres,yres
  1  5    698.1  711.6  736.0  809.0    500.0  150.0   62.0   60.3    714.3   62.5
  intersec: x1..x4 / y1..y4 / a,b,c,d, xres,yres
  698.14  684.56  709.00  782.00
  500.00  850.00  949.00  949.02
   -0.04  717.54    0.00  948.85  680.72  948.99
 C: interp,n, x1,x2,x2,x4,  y1,y2,y3,y4, xres,yres
  1  5    698.1  684.6  709.0  782.0    500.0  850.0  949.0  949.0    680.7  949.0
  intersec: x1..x4 / y1..y4 / a,b,c,d, xres,yres
  820.95  834.22  809.00  736.00
  500.00  150.00   60.32   61.99
   -0.04  839.91   -0.02   78.84  836.92   59.68
  intersec: x1..x4 / y1..y4 / a,b,c,d, xres,yres
  820.95  807.05  782.00  709.00
  500.00  850.00  949.02  949.00
   -0.04  840.82    0.00  948.85  803.13  949.02
 F: interp,n, x1,x2,x2,x4,  y1,y2,y3,y4, xres,yres
  1  5    821.0  807.1  782.0  709.0    500.0  850.0  949.0  949.0    803.1  949.0
  intersec: x1..x4 / y1..y4 / a,b,c,d, xres,yres
  850.96  864.58  889.00  962.00
  500.00  150.00   62.35   60.79
   -0.04  870.41   -0.02   81.43  867.24   62.82
 A: interp,n, x1,x2,x2,x4,  y1,y2,y3,y4, xres,yres
  1  6    851.0  864.6  889.0  962.0    500.0  150.0   62.4   60.8    867.2   62.8
  intersec: x1..x4 / y1..y4 / a,b,c,d, xres,yres
  850.96  837.48  862.00  935.00
  500.00  850.00  949.30  949.17
   -0.04  870.22   -0.00  950.79  833.59  949.35
 C: interp,n, x1,x2,x2,x4,  y1,y2,y3,y4, xres,yres
  1  6    851.0  837.5  862.0  935.0    500.0  850.0  949.3  949.2    833.6  949.3
  intersec: x1..x4 / y1..y4 / a,b,c,d, xres,yres
  974.04  987.55  962.00  889.00
  500.00  150.00   60.79   62.35
   -0.04  993.34   -0.02   81.43  990.20   60.18
  intersec: x1..x4 / y1..y4 / a,b,c,d, xres,yres
  974.04  960.13  935.00  862.00
  500.00  850.00  949.17  949.30
   -0.04  993.90   -0.00  950.79  956.13  949.14
 F: interp,n, x1,x2,x2,x4,  y1,y2,y3,y4, xres,yres
  1  6    974.0  960.1  935.0  862.0    500.0  850.0  949.2  949.3    956.1  949.1
  intersec: x1..x4 / y1..y4 / a,b,c,d, xres,yres
  998.86 1012.64 1037.00 1110.00
  500.00  150.00   62.09   60.42
   -0.04 1018.54   -0.02   85.75 1015.16   62.58
 A: interp,n, x1,x2,x2,x4,  y1,y2,y3,y4, xres,yres
  1  7    998.9 1012.6 1037.0 1110.0    500.0  150.0   62.1   60.4   1015.2   62.6
  intersec: x1..x4 / y1..y4 / a,b,c,d, xres,yres
  998.86  985.45 1010.00 1018.00
  500.00  850.00  949.13  949.07
   -0.04 1018.02   -0.01  956.76  981.36  949.35
 C: interp,n, x1,x2,x2,x4,  y1,y2,y3,y4, xres,yres
  1  7    998.9  985.5 1010.0 1018.0    500.0  850.0  949.1  949.1    981.4  949.3
  intersec: x1..x4 / y1..y4 / a,b,c,d, xres,yres
 1122.12 1135.71 1110.00 1037.00
  500.00  150.00   60.42   62.09
   -0.04 1141.54   -0.02   85.75 1138.21   59.78
  intersec: x1..x4 / y1..y4 / a,b,c,d, xres,yres
 1122.12 1043.98 1018.00 1010.00
  500.00  850.00  949.07  949.13
   -0.22 1233.74   -0.01  956.76 1020.15  949.05
 F: interp,n, x1,x2,x2,x4,  y1,y2,y3,y4, xres,yres
  1  7   1122.1 1044.0 1018.0 1010.0    500.0  850.0  949.1  949.1   1020.2  949.1
  intersec: x1..x4 / y1..y4 / a,b,c,d, xres,yres
 1153.12 1166.93 1191.00 1265.00
  500.00  150.00   62.00   60.07
   -0.04 1172.85   -0.03   92.97 1169.18   62.57
 A: interp,n, x1,x2,x2,x4,  y1,y2,y3,y4, xres,yres
  1  8   1153.1 1166.9 1191.0 1265.0    500.0  150.0   62.0   60.1   1169.2   62.6
  intersec: x1..x4 / y1..y4 / a,b,c,d, xres,yres
 1153.12 1139.76 1164.00 1083.00
  500.00  850.00  941.96  949.08
   -0.04 1172.22   -0.09 1044.32 1132.33  944.74
 C: interp,n, x1,x2,x2,x4,  y1,y2,y3,y4, xres,yres
  1  8   1153.1 1139.8 1164.0 1083.0    500.0  850.0  942.0  949.1   1132.3  944.7
  intersec: x1..x4 / y1..y4 / a,b,c,d, xres,yres
 1276.60 1290.03 1265.00 1191.00
  500.00  150.00   60.07   62.00
   -0.04 1295.79   -0.03   92.97 1292.22   59.37
  intersec: x1..x4 / y1..y4 / a,b,c,d, xres,yres
 1276.60 1108.24 1083.00 1164.00
  500.00  850.00  949.08  941.96
   -0.48 1517.12   -0.09 1044.32 1014.76  955.08
 F: interp,n, x1,x2,x2,x4,  y1,y2,y3,y4, xres,yres
  1  8   1276.6 1108.2 1083.0 1164.0    500.0  850.0  949.1  942.0   1014.8  955.1
  intersec: x1..x4 / y1..y4 / a,b,c,d, xres,yres
 1301.78 1315.53 1340.00 1413.00
  500.00  150.00   62.81   60.97
   -0.04 1321.43   -0.03   96.68 1317.63   63.38
 A: interp,n, x1,x2,x2,x4,  y1,y2,y3,y4, xres,yres
  1  9   1301.8 1315.5 1340.0 1413.0    500.0  150.0   62.8   61.0   1317.6   63.4
  intersec: x1..x4 / y1..y4 / a,b,c,d, xres,yres
 1301.78 1288.29 1313.00 1221.00
  500.00  850.00  950.09  949.08
   -0.04 1321.05    0.01  935.66 1284.99  949.78
 C: interp,n, x1,x2,x2,x4,  y1,y2,y3,y4, xres,yres
  1  9   1301.8 1288.3 1313.0 1221.0    500.0  850.0  950.1  949.1   1285.0  949.8
  intersec: x1..x4 / y1..y4 / a,b,c,d, xres,yres
 1425.30 1438.96 1413.00 1340.00
  500.00  150.00   60.97   62.81
   -0.04 1444.82   -0.03   96.68 1441.05   60.26
  intersec: x1..x4 / y1..y4 / a,b,c,d, xres,yres
 1425.30 1246.10 1221.00 1313.00
  500.00  850.00  949.08  950.09
   -0.51 1681.30    0.01  935.66 1202.24  948.87
 F: interp,n, x1,x2,x2,x4,  y1,y2,y3,y4, xres,yres
  1  9   1425.3 1246.1 1221.0 1313.0    500.0  850.0  949.1  950.1   1202.2  948.9
  
  Points:           abcdef    klmn     ABCDEF
         with nl=   1....6    7..10   11....16
  Every both lines   xx(nl,nc) / yy(nl,nc)
                     for all nc=channels
  nl=           1
  110.67  258.06  412.72  558.95  711.58  864.58 1012.64 1166.93 1315.53
  150.00  150.00  150.00  150.00  150.00  150.00  150.00  150.00  150.00
  nl=           2
   97.62  244.86  399.14  545.55  698.14  850.96  998.86 1153.12 1301.78
  500.00  500.00  500.00  500.00  500.00  500.00  500.00  500.00  500.00
  nl=           3
   84.52  231.90  386.12  532.09  684.56  837.48  985.45 1139.76 1288.29
  850.00  850.00  850.00  850.00  850.00  850.00  850.00  850.00  850.00
  nl=           4
  232.53  380.28  535.08  681.48  834.22  987.55 1135.71 1290.03 1438.96
  150.00  150.00  150.00  150.00  150.00  150.00  150.00  150.00  150.00
  nl=           5
  219.70  367.09  521.98  668.27  820.95  974.04 1122.12 1276.60 1425.30
  500.00  500.00  500.00  500.00  500.00  500.00  500.00  500.00  500.00
  nl=           6
  206.21  353.73  508.09  654.35  807.05  960.13 1043.98 1108.24 1246.10
  850.00  850.00  850.00  850.00  850.00  850.00  850.00  850.00  850.00
  nl=           7
  135.00  283.00  437.00  583.00  736.00  889.00 1037.00 1191.00 1340.00
   60.08   60.84   60.67   61.17   61.99   62.35   62.09   62.00   62.81
  nl=           8
  109.00  256.00  411.00  557.00  709.00  862.00 1010.00 1164.00 1313.00
  923.00  947.83  947.67  948.42  949.00  949.30  949.13  941.96  950.09
  nl=           9
  207.00  355.00  510.00  656.00  809.00  962.00 1110.00 1265.00 1413.00
   58.61   59.09   58.98   59.79   60.32   60.79   60.42   60.07   60.97
  nl=          10
  181.00  328.00  483.00  629.00  782.00  935.00 1018.00 1083.00 1221.00
  947.12  947.78  859.23  948.36  949.02  949.17  949.07  949.08  949.08
  nl=          11
  113.92  261.16  415.79  561.93  714.32  867.24 1015.16 1169.18 1317.63
   60.51   61.38   61.16   61.57   62.49   62.82   62.58   62.57   63.38
  nl=          12
   97.62  244.86  399.14  545.55  698.14  850.96  998.86 1153.12 1301.78
  500.00  500.00  500.00  500.00  500.00  500.00  500.00  500.00  500.00
  nl=          13
   83.16  228.27  363.71  528.29  680.72  833.59  981.36 1132.33 1284.99
  914.34  947.84 1005.76  948.44  948.99  949.35  949.35  944.74  949.78
  nl=          14
  235.72  383.38  538.04  684.42  836.92  990.20 1138.21 1292.22 1441.05
   58.03   58.40   58.33   59.26   59.68   60.18   59.78   59.37   60.26
  nl=          15
  219.70  367.09  521.98  668.27  820.95  974.04 1122.12 1276.60 1425.30
  500.00  500.00  500.00  500.00  500.00  500.00  500.00  500.00  500.00
  nl=          16
  204.80  349.99  484.18  650.41  803.13  956.13 1020.15 1014.76 1202.24
  955.10  947.76  857.78  948.34  949.02  949.14  949.05  955.08  948.87
  nexgeom:  first channel
   points: abcdef nn, xx,yy           1   110.672249       150.000000    
   points: abcdef nn, xx,yy           2   97.6198578       500.000000    
   points: abcdef nn, xx,yy           3   84.5208359       850.000000    
   points: abcdef nn, xx,yy           4   232.526672       150.000000    
   points: abcdef nn, xx,yy           5   219.700623       500.000000    
   points: abcdef nn, xx,yy           6   206.210434       850.000000    
  
   points: klmn  nn, xx,yy           7   135.000000       60.0783768    
   points: klmn  nn, xx,yy           8   109.000000       922.995789    
   points: klmn  nn, xx,yy           9   207.000000       58.6127586    
   points: klmn  nn, xx,yy          10   181.000000       947.122192    
  
   points: ABCDEF  nn, xx,yy          11   113.923172       60.5074158    
   points: ABCDEF  nn, xx,yy          12   97.6198578       500.000000    
   points: ABCDEF  nn, xx,yy          13   83.1558838       914.335693    
   points: ABCDEF  nn, xx,yy          14   235.721222       58.0281143    
   points: ABCDEF  nn, xx,yy          15   219.700623       500.000000    
   points: ABCDEF  nn, xx,yy          16   204.804718       955.098877    
  
   ABCDEF X for nm channels
   1     113.92    97.62    83.16       235.72   219.70   204.80
   2     283.00   256.00   355.00       328.00   261.16   244.86
   3     386.12   535.08   521.98       508.09   437.00   411.00
   4       0.00     0.00   558.95       545.55   532.09   681.48
   5       0.00     0.00     0.00         0.00     0.00     0.00
   6     820.95   803.13*********         0.00*********     0.00
   7     867.24   850.96   833.59       990.20   974.04   956.13
   8    1037.00  1010.00  1110.00      1018.00  1015.16   998.86
   9    1139.76  1290.03  1276.60      1108.24  1191.00  1164.00
   ABCDEF Y for nm channels
   1      60.51   500.00   914.34        58.03   500.00   955.10
   2      60.84   947.83    59.09       947.78    61.38   500.00
   3     850.00   150.00   500.00       850.00    60.67   947.67
   4       0.00     0.00   150.00       500.00   850.00   150.00
   5       0.00     0.00     0.00         0.00     0.00     0.00
   6     500.00   949.02     0.00         0.00     0.00     0.00
   7      62.82   500.00   949.35        60.18   500.00   949.14
   8      62.09   949.13    60.42       949.07    62.58   500.00
   9     850.00   150.00   500.00       850.00    62.00   941.96
  nd, xdes, ydes            1   113.923172       60.5074158    
  nd, xdes, ydes            2   97.6198578       500.000000    
  nd, xdes, ydes            3   83.1558838       914.335693    
  nd, xdes, ydes            4   204.804718       955.098877    
  nd, xdes, ydes            5   219.700623       500.000000    
  nd, xdes, ydes            6   235.721222       58.0281143    
  nd, xdes, ydes            7   113.923172       60.5074158    
  nd, xdes, ydes            1   283.000000       60.8430977    
  nd, xdes, ydes            2   256.000000       947.825378    
  nd, xdes, ydes            3   355.000000       59.0883369    
  nd, xdes, ydes            4   244.863800       500.000000    
  nd, xdes, ydes            5   261.159454       61.3753853    
  nd, xdes, ydes            6   328.000000       947.777771    
  nd, xdes, ydes            7   283.000000       60.8430977    
  nd, xdes, ydes            1   386.123138       850.000000    
  nd, xdes, ydes            2   535.075745       150.000000    
  nd, xdes, ydes            3   521.983948       500.000000    
  nd, xdes, ydes            4   411.000000       947.670410    
  nd, xdes, ydes            5   437.000000       60.6720924    
  nd, xdes, ydes            6   508.092590       850.000000    
  nd, xdes, ydes            7   386.123138       850.000000    
  nd, xdes, ydes            1   0.00000000       0.00000000    
  nd, xdes, ydes            2   0.00000000       0.00000000    
  nd, xdes, ydes            3   558.952576       150.000000    
  nd, xdes, ydes            4   681.483643       150.000000    
  nd, xdes, ydes            5   532.091675       850.000000    
  nd, xdes, ydes            6   545.546509       500.000000    
  nd, xdes, ydes            7   0.00000000       0.00000000    
  nd, xdes, ydes            1   0.00000000       0.00000000    
  nd, xdes, ydes            2   0.00000000       0.00000000    
  nd, xdes, ydes            3   0.00000000       0.00000000    
  nd, xdes, ydes            4   0.00000000       0.00000000    
  nd, xdes, ydes            5   0.00000000       0.00000000    
  nd, xdes, ydes            6   0.00000000       0.00000000    
  nd, xdes, ydes            7   0.00000000       0.00000000    
  nd, xdes, ydes            1   820.954834       500.000000    
  nd, xdes, ydes            2   803.125854       949.019348    
  nd, xdes, ydes            3  -1.02630719E+27   0.00000000    
  nd, xdes, ydes            4   4.59163468E-41   0.00000000    
  nd, xdes, ydes            5  -1.02646657E+27   0.00000000    
  nd, xdes, ydes            6   4.59163468E-41   0.00000000    
  nd, xdes, ydes            7   820.954834       500.000000    
  nd, xdes, ydes            1   867.243958       62.8187981    
  nd, xdes, ydes            2   850.958374       500.000000    
  nd, xdes, ydes            3   833.592834       949.349976    
  nd, xdes, ydes            4   956.126953       949.138489    
  nd, xdes, ydes            5   974.037720       500.000000    
  nd, xdes, ydes            6   990.197021       60.1807175    
  nd, xdes, ydes            7   867.243958       62.8187981    
  nd, xdes, ydes            1   1037.00000       62.0853157    
  nd, xdes, ydes            2   1010.00000       949.129639    
  nd, xdes, ydes            3   1110.00000       60.4191933    
  nd, xdes, ydes            4   998.864136       500.000000    
  nd, xdes, ydes            5   1015.16449       62.5836868    
  nd, xdes, ydes            6   1018.00000       949.069214    
  nd, xdes, ydes            7   1037.00000       62.0853157    
  nd, xdes, ydes            1   1139.75513       850.000000    
  nd, xdes, ydes            2   1290.03406       150.000000    
  nd, xdes, ydes            3   1276.60156       500.000000    
  nd, xdes, ydes            4   1164.00000       941.955139    
  nd, xdes, ydes            5   1191.00000       61.9982071    
  nd, xdes, ydes            6   1108.23718       850.000000    
  nd, xdes, ydes            7   1139.75513       850.000000    
  geo2:
 xx / yy  for first channel
   110.672249       97.6198578       84.5208359       232.526672       219.700623       206.210434    
   150.000000       500.000000       850.000000       150.000000       500.000000       850.000000    
  nd, xdes, ydes            1   113.923172       60.5074158    
  nd, xdes, ydes            2   97.6198578       500.000000    
  nd, xdes, ydes            3   83.1558838       914.335693    
  nd, xdes, ydes            4   204.804718       955.098877    
  nd, xdes, ydes            5   219.700623       500.000000    
  nd, xdes, ydes            6   235.721222       58.0281143    
  nd, xdes, ydes            7   113.923172       60.5074158    
  plotgeo3: 
 par1   interp       1       1
  plotgeo3: AC    30.7672882       72.0000000       135.860809       558.952576       0.00000000       1.02630719E+27   33.6511230       73.0000000       136.846436    
  plotgeo3: DF    30.9165039       83.1362000       97.0925903       135.937134       0.00000000       0.00000000       34.0700684       19.1358643       55.7628174    
  plotgeo3: AC    121.798050       45.0000000       121.969452       545.546509       0.00000000       820.954834       122.953064       19.0000000       31.5179443    
  plotgeo3: CF    121.648834       110.136200       110.983948       122.531067       0.00000000       1.02630719E+27   122.534119       111.135864       112.601562    
  plotgeo3: AC    853.828247       1.75476074       350.000000       150.000000       0.00000000       500.000000       886.531189       1.66612244       350.000000    
  plotgeo3: DF    897.070740       447.777771       97.6704102       350.000000       0.00000000       0.00000000       888.957764       449.069214       91.9551392    
  plotgeo3: AC    2.47930145       886.934692       0.00000000       500.000000       0.00000000       500.000000       2.63808060       886.983887       0.00000000    
  plotgeo3: CF    40.7631836       440.911652       447.670410       0.00000000       0.00000000       0.00000000      0.211486816       439.580811       441.955139    



  end geom
