MSDP Processor initialized
CCD dimensions: 1536 x 1024
After permutation: 1024 x 1536

============================================================
MSDP DATA PROCESSING - STEP 1: AVERAGING
============================================================

Listing files...
Found 0 dark current files (x)
Found 0 flat field files (y)

Skipping dark current processing (no files or disabled)

Skipping flat field processing (no files or disabled)

============================================================
AVERAGING COMPLETE
============================================================
============================================================
GEOMETRY PROCESSOR INITIALIZED
Image dimensions: 1536 x 1024
Number of channels: 9

============================================================
COMPUTING CHANNEL GEOMETRY
============================================================
Read FITS file: Literal translation/m010_b0101_ms_20170330_09564585_x1.fit
Data shape: (1024, 1536)
Read FITS file: Literal translation/m011_b0101_ms_20170330_10013140_y1.fit
Data shape: (1024, 1536)

Subtracting dark current from flat field...
============================================================
GEOMETRY PROCESSOR INITIALIZED
Image dimensions: 1536 x 1024
Number of channels: 9

============================================================
COMPUTING CHANNEL GEOMETRY
============================================================
Read FITS file: Literal translation/m010_b0101_ms_20170330_09564585_x1.fit
Data shape: (1024, 1536)
Read FITS file: Literal translation/m011_b0101_ms_20170330_10013140_y1.fit
Data shape: (1024, 1536)
Dark data shape: (1536, 1024)
Flat data shape: (1536, 1024)

Subtracting dark current from flat field...
Mean flat shape after dark subtraction: (1536, 1024)

NEW GEOMETRY DETECTION
Detection cuts at j = [151 501 851]
Minimum gradient threshold: 8
Parabolic interpolation: 1
Central cut normalization: zmax=2120.0, zgmax=712.0

Detecting horizontal channel edges...

Cut 1 at j = 151
  Edge 1 at i=84, gradient=69.1, eps=-0.38 -> X=82.62, Y=150.00
  Edge 2 at i=231, gradient=61.7, eps=-0.02 -> X=229.98, Y=150.00
  Edge 3 at i=385, gradient=28.1, eps=0.15 -> X=384.15, Y=150.00
  Edge 4 at i=531, gradient=22.0, eps=0.08 -> X=530.08, Y=150.00
  Edge 5 at i=684, gradient=31.8, eps=-0.44 -> X=682.56, Y=150.00
  Edge 6 at i=837, gradient=55.7, eps=-0.44 -> X=835.56, Y=150.00
  Edge 7 at i=985, gradient=71.9, eps=-0.49 -> X=983.51, Y=150.00
  Edge 8 at i=1139, gradient=81.4, eps=-0.20 -> X=1137.80, Y=150.00
  Edge 9 at i=1287, gradient=70.4, eps=0.30 -> X=1286.30, Y=150.00
  Edge 1 at i=206, gradient=90.4, eps=-0.48 -> X=204.52, Y=150.00
  Edge 2 at i=353, gradient=87.6, eps=-0.04 -> X=351.96, Y=150.00
  Edge 3 at i=507, gradient=81.4, eps=0.42 -> X=506.42, Y=150.00
  Edge 4 at i=654, gradient=68.7, eps=-0.46 -> X=652.54, Y=150.00
  Edge 5 at i=806, gradient=47.1, eps=0.17 -> X=805.17, Y=150.00
  Edge 6 at i=959, gradient=19.1, eps=0.39 -> X=958.39, Y=150.00
  Edge 7 at i=1107, gradient=19.4, eps=0.45 -> X=1106.45, Y=150.00
  Edge 8 at i=1262, gradient=35.6, eps=-0.07 -> X=1260.93, Y=150.00
  Edge 9 at i=1411, gradient=56.0, eps=-0.28 -> X=1409.72, Y=150.00

Cut 2 at j = 501
  Edge 1 at i=97, gradient=75.7, eps=-0.17 -> X=95.83, Y=500.00
  Edge 2 at i=244, gradient=55.7, eps=0.01 -> X=243.01, Y=500.00
  Edge 3 at i=398, gradient=22.6, eps=0.35 -> X=397.35, Y=500.00
  Edge 4 at i=545, gradient=18.0, eps=-0.26 -> X=543.74, Y=500.00
  Edge 5 at i=697, gradient=29.4, eps=0.19 -> X=696.19, Y=500.00
  Edge 6 at i=850, gradient=62.6, eps=0.06 -> X=849.06, Y=500.00
  Edge 7 at i=998, gradient=78.3, eps=0.00 -> X=997.00, Y=500.00
  Edge 8 at i=1152, gradient=78.8, eps=0.30 -> X=1151.30, Y=500.00
  Edge 9 at i=1301, gradient=79.9, eps=-0.07 -> X=1299.93, Y=500.00
  Edge 1 at i=219, gradient=101.2, eps=-0.22 -> X=217.78, Y=500.00
  Edge 2 at i=366, gradient=77.8, eps=0.19 -> X=365.19, Y=500.00
  Edge 3 at i=521, gradient=85.6, eps=0.03 -> X=520.03, Y=500.00
  Edge 4 at i=667, gradient=67.6, eps=0.33 -> X=666.33, Y=500.00
  Edge 5 at i=820, gradient=49.4, eps=0.03 -> X=819.03, Y=500.00
  Edge 6 at i=973, gradient=22.0, eps=0.09 -> X=972.09, Y=500.00
  Edge 7 at i=1121, gradient=19.7, eps=0.25 -> X=1120.25, Y=500.00
  Edge 8 at i=1254, gradient=8.1, eps=-0.02 -> X=1252.98, Y=500.00
  Edge 9 at i=1276, gradient=36.8, eps=-0.27 -> X=1274.73, Y=500.00

Cut 3 at j = 851
  Edge 1 at i=110, gradient=83.0, eps=-0.17 -> X=108.83, Y=850.00
  Edge 2 at i=257, gradient=61.2, eps=0.20 -> X=256.20, Y=850.00
  Edge 3 at i=412, gradient=27.3, eps=-0.19 -> X=410.81, Y=850.00
  Edge 4 at i=558, gradient=24.9, eps=-0.01 -> X=556.99, Y=850.00
  Edge 5 at i=711, gradient=38.1, eps=-0.23 -> X=709.77, Y=850.00
  Edge 6 at i=864, gradient=67.1, eps=-0.22 -> X=862.78, Y=850.00
  Edge 7 at i=1012, gradient=78.1, eps=-0.23 -> X=1010.77, Y=850.00
  Edge 8 at i=1166, gradient=93.1, eps=0.01 -> X=1165.01, Y=850.00
  Edge 9 at i=1315, gradient=88.4, eps=-0.26 -> X=1313.74, Y=850.00
  Edge 1 at i=232, gradient=101.8, eps=-0.28 -> X=230.72, Y=850.00
  Edge 2 at i=379, gradient=72.2, eps=0.47 -> X=378.47, Y=850.00
  Edge 3 at i=534, gradient=97.8, eps=0.21 -> X=533.21, Y=850.00
  Edge 4 at i=681, gradient=80.3, eps=-0.26 -> X=679.74, Y=850.00
  Edge 5 at i=833, gradient=42.9, eps=0.40 -> X=832.40, Y=850.00
  Edge 6 at i=987, gradient=21.4, eps=-0.31 -> X=985.69, Y=850.00
  Edge 7 at i=1135, gradient=21.3, eps=-0.18 -> X=1133.82, Y=850.00
  Edge 8 at i=1289, gradient=34.7, eps=0.18 -> X=1288.18, Y=850.00
  Edge 9 at i=1438, gradient=66.8, eps=0.10 -> X=1437.10, Y=850.00

Detecting vertical channel edges...

Computing corner points via line intersections...

Geometry detection complete
Reference points for channel 1:
  Point 0: X=82.62, Y=150.00
  Point 1: X=95.83, Y=500.00
  Point 2: X=108.83, Y=850.00
  Point 3: X=204.52, Y=150.00
  Point 4: X=217.78, Y=500.00
  Point 5: X=230.72, Y=850.00
  Point 6: X=0.00, Y=0.00
  Point 7: X=107.00, Y=73.92
  Point 8: X=133.00, Y=870.96
  Point 9: X=179.00, Y=73.92
  Point 10: X=102.23, Y=669.48
  Point 11: X=95.83, Y=500.00
  Point 12: X=80.02, Y=73.92
  Point 13: X=264.48, Y=1731.99
  Point 14: X=217.78, Y=500.00
  Point 15: X=202.04, Y=73.91

Generating geo1.ps...
geo1.pdf generated

Generating geo2.pdf...
geo2.pdf generated

Generating geo3.pdf...
geo3.pdf generated
Written ACDF2.lis
